<html>
<body>
<pre>
<h1>µVision Build Log</h1>
<h2>Tool Versions:</h2>
IDE-Version: µVision V5.25.2.0
Copyright (C) 2018 ARM Ltd and ARM Germany GmbH. All rights reserved.
License Information: Ali Gandomi, SRC, LIC=14HY8-391C5-II85V-P8G1C-GP91R-9XZXG
 
Tool Versions:
Toolchain:       MDK-ARM Plus  Version: 5.25.2.0
Toolchain Path:  C:\Keil_v5\ARM\ARMCC\Bin
C Compiler:      Armcc.exe V5.06 update 6 (build 750)
Assembler:       Armasm.exe V5.06 update 6 (build 750)
Linker/Locator:  ArmLink.exe V5.06 update 6 (build 750)
Library Manager: ArmAr.exe V5.06 update 6 (build 750)
Hex Converter:   FromElf.exe V5.06 update 6 (build 750)
CPU DLL:         SARMCM3.DLL V5.25.2.0
Dialog DLL:      DCM.DLL V1.17.1.0
Target DLL:      STLink\ST-LINKIII-KEIL_SWO.dll V3.0.1.0
Dialog DLL:      TCM.DLL V1.35.1.0
 
<h2>Project:</h2>
C:\Users\Ali\Desktop\ARM\Final Project\FinalProject\MDK-ARM\FinalProject.uvprojx
Project File Date:  09/15/2018

<h2>Output:</h2>
*** Using Compiler 'V5.06 update 6 (build 750)', folder: 'C:\Keil_v5\ARM\ARMCC\Bin'
Build target 'FinalProject'
compiling main.c...
../Src/main.c(70): warning:  #1295-D: Deprecated declaration initial_tasks - give arg types
  void initial_tasks();
../Src/main.c(71): warning:  #1295-D: Deprecated declaration Lose_tasks - give arg types
  void Lose_tasks();
../Src/main.c(72): warning:  #1295-D: Deprecated declaration Win_tasks - give arg types
  void Win_tasks();
../Src/main.c(73): warning:  #1295-D: Deprecated declaration Game_Over_tasks - give arg types
  void Game_Over_tasks();
../Src/main.c(74): warning:  #1295-D: Deprecated declaration initial_print_life_on_led - give arg types
  void initial_print_life_on_led();
../Src/main.c(75): warning:  #1295-D: Deprecated declaration life_to_pin_number_cumulative - give arg types
  uint16_t life_to_pin_number_cumulative();
../Src/main.c(76): warning:  #1295-D: Deprecated declaration life_to_pin_number - give arg types
  uint16_t life_to_pin_number();
../Src/main.c(77): warning:  #1295-D: Deprecated declaration decrement_life - give arg types
  void decrement_life();
../Src/main.c(78): warning:  #1295-D: Deprecated declaration turn_off_lost_life_led - give arg types
  void turn_off_lost_life_led();
../Src/main.c(79): warning:  #1295-D: Deprecated declaration is_Game_over - give arg types
  bool is_Game_over();
../Src/main.c(369): warning:  #111-D: statement is unreachable
  			break;
../Src/main.c(373): warning:  #111-D: statement is unreachable
  			break;
../Src/main.c(377): warning:  #111-D: statement is unreachable
  			break;
../Src/main.c(381): warning:  #111-D: statement is unreachable
  			break;
../Src/main.c(385): warning:  #111-D: statement is unreachable
  			break;
../Src/main.c(389): warning:  #111-D: statement is unreachable
  			break;
../Src/main.c(393): warning:  #111-D: statement is unreachable
  			break;
../Src/main.c(397): warning:  #111-D: statement is unreachable
  			break;
../Src/main.c(399): warning:  #940-D: missing return statement at end of non-void function "life_to_pin_number_cumulative" 
  }
../Src/main.c(405): warning:  #111-D: statement is unreachable
  			break;
../Src/main.c(409): warning:  #111-D: statement is unreachable
  			break;
../Src/main.c(413): warning:  #111-D: statement is unreachable
  			break;
../Src/main.c(417): warning:  #111-D: statement is unreachable
  			break;
../Src/main.c(421): warning:  #111-D: statement is unreachable
  			break;
../Src/main.c(425): warning:  #111-D: statement is unreachable
  			break;
../Src/main.c(429): warning:  #111-D: statement is unreachable
  			break;
../Src/main.c(433): warning:  #111-D: statement is unreachable
  			break;
../Src/main.c(435): warning:  #940-D: missing return statement at end of non-void function "life_to_pin_number" 
  }
../Src/main.c: 28 warnings, 0 errors
linking...
Program Size: Code=6200 RO-data=472 RW-data=40 ZI-data=2152  
FromELF: creating hex file...
"FinalProject\FinalProject.axf" - 0 Error(s), 28 Warning(s).

<h2>Software Packages used:</h2>

Package Vendor: ARM
                http://www.keil.com/pack/ARM.CMSIS.5.3.0.pack
                ARM.CMSIS.5.3.0
                CMSIS (Cortex Microcontroller Software Interface Standard)
   * Component: CORE Version: 5.1.1

Package Vendor: Keil
                http://www.keil.com/pack/Keil.STM32F3xx_DFP.2.1.0.pack
                Keil.STM32F3xx_DFP.2.1.0
                STMicroelectronics STM32F3 Series Device Support and Examples

<h2>Collection of Component include folders:</h2>
  .\RTE\_FinalProject
  C:\Keil_v5\ARM\PACK\ARM\CMSIS\5.3.0\CMSIS\Include
  C:\Keil_v5\ARM\PACK\Keil\STM32F3xx_DFP\2.1.0\Drivers\CMSIS\Device\ST\STM32F3xx\Include

<h2>Collection of Component Files used:</h2>

   * Component: ARM::CMSIS:CORE:5.1.1
Build Time Elapsed:  00:00:02
</pre>
</body>
</html>
